Missing puzzle element(s) with the following IDs: 3, 4
