Missing puzzle element(s) with the following IDs: 4
Puzzle of size 4 cannot have the following IDs: 5
